<!DOCTYPE html>
<html>
  <head>
    <style>
      /* stylelint-disable block-no-empty, unit-no-unknown */
      body {
        width: 0;
        height: 2;
      }

      div::-moz-placeholder {
        display: block;
        -moz-appearance: -webkit-flex;
        color: #ffffff;
        opacity: 0.5;
      }

      /* comment */
      div::before {
        --foo: hsl(198deg 28% 50%);

        color: rgba(255, 255, 255, 50%);

        @media (-webkit-min-device-pixel-ratio > 1) {
        }
      }

      @-webkit-keyframes {
        0% {
          -webkit-transform: calc(1px + 2px);
        }
      }
    </style>
  </head>
  <body class="" id="">
    <script>
      /* This is a comment with no whitespace at the beginning */
      'use strict';

      import 'll';

      import { foo, z } from 'bar';
      import n, { kde } from 'nn';
      import c from 'vvv';

      import ddd from './ss';

      const k = [];

      class A {
        constructor() {}

        a() {}
      }

      function a() {}

      function x() {
        if (xsd) {
        }
      }

      const y = [];

      export default {
        data() {},
        a: `${5 ** 2}`,
        kk: '444"',
      };

      export { e } from '../..';

      export { g } from '.';

      export { jkjk, xxxx } from 'c';

      export { h } from 'x';

      if (ytt) {
      } else {
      }

      export function aaaaa() {}

      if (xsd) {
      }
    </script>
  </body>
</html>
