openapi: 3.0.0
info:
  version: 1
  title: test
  description: 123456789tt
